[www.southamericatravelsonline.com/index.html]
[www.southamericatravelsonline.com/sites/default/files/southamerica-logo-300x146_0_0.png]
[www.southamericatravelsonline.com/home-2.html]
[www.southamericatravelsonline.com/node/2.html]
[backblue.gif]
[fade.gif]
[index.html]
[www.southamericatravelsonline.com/modules/gavias_sliderlayer/vendor/revolution/js/source/jquery.themepunch.tools.mina0fc.js]
[www.southamericatravelsonline.com/modules/gavias_sliderlayer/vendor/revolution/js/source/jquery.themepunch.revolutiona0fc.js]
[www.southamericatravelsonline.com/modules/gavias_sliderlayer/vendor/revolution/js/extensions/revolution.extension.actions.mina0fc.js]
[www.southamericatravelsonline.com/modules/gavias_sliderlayer/vendor/revolution/js/extensions/revolution.extension.carousel.mina0fc.js]
[www.southamericatravelsonline.com/modules/gavias_sliderlayer/vendor/revolution/js/extensions/revolution.extension.kenburn.mina0fc.js]
[www.southamericatravelsonline.com/modules/gavias_sliderlayer/vendor/revolution/js/extensions/revolution.extension.layeranimation.mina0fc.js]
[www.southamericatravelsonline.com/modules/gavias_sliderlayer/vendor/revolution/js/extensions/revolution.extension.migration.mina0fc.js]
[www.southamericatravelsonline.com/modules/gavias_sliderlayer/vendor/revolution/js/extensions/revolution.extension.navigation.mina0fc.js]
[www.southamericatravelsonline.com/modules/gavias_sliderlayer/vendor/revolution/js/extensions/revolution.extension.parallax.mina0fc.js]
[www.southamericatravelsonline.com/modules/gavias_sliderlayer/vendor/revolution/js/extensions/revolution.extension.slideanims.mina0fc.js]
[www.southamericatravelsonline.com/modules/gavias_sliderlayer/vendor/revolution/js/extensions/revolution.extension.video.mina0fc.js]
[www.southamericatravelsonline.com/themes/gavias_buildpro/vendor/jquery-migrate.min5515.js]
[www.southamericatravelsonline.com/themes/gavias_buildpro/js/bootstrap5515.js]
[www.southamericatravelsonline.com/themes/gavias_buildpro/js/imagesloader.min5515.js]
[www.southamericatravelsonline.com/themes/gavias_buildpro/vendor/jquery.easing5515.js]
[www.southamericatravelsonline.com/themes/gavias_buildpro/vendor/jquery.appear5515.js]
[www.southamericatravelsonline.com/themes/gavias_buildpro/vendor/jquery.easypiechart.min5515.js]
[www.southamericatravelsonline.com/themes/gavias_buildpro/vendor/owl-carousel/owl.carousel.min5515.js]
[www.southamericatravelsonline.com/themes/gavias_buildpro/vendor/waypoint5515.js]
[www.southamericatravelsonline.com/themes/gavias_buildpro/vendor/count-to5515.js]
[www.southamericatravelsonline.com/themes/gavias_buildpro/vendor/masonry.pkgd.min5515.js]
[www.southamericatravelsonline.com/themes/gavias_buildpro/vendor/isotope.pkgd.min5515.js]
[www.southamericatravelsonline.com/themes/gavias_buildpro/vendor/wow.min5515.js]
[www.southamericatravelsonline.com/themes/gavias_buildpro/vendor/jpreloader.min5515.js]
[www.southamericatravelsonline.com/themes/gavias_buildpro/vendor/prettyphoto/js/jquery.prettyPhoto5515.js]
[www.southamericatravelsonline.com/themes/gavias_buildpro/vendor/ytplayer/js/jquery.mb.YTPlayer.min5515.js]
[www.southamericatravelsonline.com/themes/gavias_buildpro/vendor/jquery.typer/src/jquery.typer5515.js]
[www.southamericatravelsonline.com/themes/gavias_buildpro/vendor/unslider-min5515.js]
[www.southamericatravelsonline.com/themes/gavias_buildpro/vendor/perfect-scrollbar.jquery.min5515.js]
[www.southamericatravelsonline.com/themes/gavias_buildpro/vendor/magnific/jquery.magnific-popup.min5515.js]
[www.southamericatravelsonline.com/themes/gavias_buildpro/vendor/jquery.ui.map.min5515.js]
[www.southamericatravelsonline.com/themes/gavias_buildpro/js/main5515.js]
[www.southamericatravelsonline.com/themes/gavias_buildpro/images/preloader/preloader-7.gif]
[www.southamericatravelsonline.com/sites/default/files/southamerica-logo-300x146.png]
[www.southamericatravelsonline.com/our_trips.html]
[www.southamericatravelsonline.com/destinations.html]
[www.southamericatravelsonline.com/peru.html]
[www.southamericatravelsonline.com/argentina.html]
[www.southamericatravelsonline.com/overview-1.html]
[www.southamericatravelsonline.com/chile.html]
[www.southamericatravelsonline.com/ecuador.html]
[www.southamericatravelsonline.com/travel-information-0.html]
[www.southamericatravelsonline.com/visas.html]
[www.southamericatravelsonline.com/travel-insurance.html]
[www.southamericatravelsonline.com/south-america-money-issues-0.html]
[www.southamericatravelsonline.com/travelling-south-america-overland.html]
[www.southamericatravelsonline.com/flights-south-america.html]
[www.southamericatravelsonline.com/south-america-airport-taxes.html]
[www.southamericatravelsonline.com/altitude-sickness.html]
[www.southamericatravelsonline.com/vaccinations.html]
[www.southamericatravelsonline.com/health-general-0.html]
[www.southamericatravelsonline.com/contact_south_america_travels_online.html]
[www.southamericatravelsonline.com/sites/default/files/gva-sliderlayer-upload/6-oj2k3d.jpg]
[www.southamericatravelsonline.com/sites/default/files/gva-sliderlayer-upload/4-67zm6n.jpg]
[www.southamericatravelsonline.com/sites/default/files/gva-sliderlayer-upload/1-3j6wf2.jpg]
[www.southamericatravelsonline.com/sites/default/files/gva-sliderlayer-upload/2-2vpw8e.jpg]
[www.southamericatravelsonline.com/sites/default/files/gva-sliderlayer-upload/5-ja7o1r.jpg]
[www.southamericatravelsonline.com/sites/default/files/gva-sliderlayer-upload/3-769pvl.jpg]
[www.southamericatravelsonline.com/package_details/1727.html]
[www.southamericatravelsonline.com/sites/default/files/services/3.jpg]
[www.southamericatravelsonline.com/package_details/291.html]
[www.southamericatravelsonline.com/sites/default/files/services/12.jpg]
[www.southamericatravelsonline.com/package_details/298.html]
[www.southamericatravelsonline.com/sites/default/files/services/4.jpg]
[www.southamericatravelsonline.com/package_details/664.html]
[www.southamericatravelsonline.com/sites/default/files/services/5.jpg]
[www.southamericatravelsonline.com/package_details/881.html]
[www.southamericatravelsonline.com/sites/default/files/services/14.jpg]
[www.southamericatravelsonline.com/package_details/666.html]
[www.southamericatravelsonline.com/sites/default/files/services/9.jpg]
[www.southamericatravelsonline.com/package_details/292.html]
[www.southamericatravelsonline.com/sites/default/files/services/2.jpg]
[www.southamericatravelsonline.com/package_details/875.html]
[www.southamericatravelsonline.com/sites/default/files/services/1.jpg]
[www.southamericatravelsonline.com/package_details/2746.html]
[www.southamericatravelsonline.com/sites/default/files/services/10.jpg]
[www.southamericatravelsonline.com/package_details/295.html]
[www.southamericatravelsonline.com/sites/default/files/services/11.jpg]
[www.southamericatravelsonline.com/package_details/657.html]
[www.southamericatravelsonline.com/sites/default/files/services/6.jpg]
[www.southamericatravelsonline.com/package_details/297.html]
[www.southamericatravelsonline.com/sites/default/files/services/7.jpg]
[www.southamericatravelsonline.com/package_details/1181.html]
[www.southamericatravelsonline.com/sites/default/files/services/13.jpg]
[www.southamericatravelsonline.com/node/250.html]
[www.southamericatravelsonline.com/sites/default/files/services/8.jpg]
[www.southamericatravelsonline.com/sites/default/files/2019-12/4.jpg]
[www.southamericatravelsonline.com/sites/default/files/2019-12/1.jpg]
[www.southamericatravelsonline.com/sites/default/files/2019-12/3.jpg]
[www.southamericatravelsonline.com/sites/default/files/2019-12/6_0.jpg]
[www.southamericatravelsonline.com/sites/default/files/2019-12/2.jpg]
[satoperu.com/wp-content/uploads/2019/07/satotravel-logo-1.png]
[satoperu.com/wp-content/uploads/2019/07/sato-southeramerica-logo.png]
[satoperu.com/wp-content/uploads/2019/07/perutravelsonline-logo.png]
[satoperu.com/wp-content/uploads/2019/07/howtotraveltomachupicchu.png]
[satoperu.com/wp-content/uploads/2018/12/loney.png]
[satoperu.com/wp-content/uploads/2018/12/about-banner-6-1-1-1.png]
[www.southamericatravelsonline.com/modules/ga/js/analytics7839.js]
[www.google-analytics.com/analytics.js]
[www.southamericatravelsonline.com/modules/cleantalk/js/apbct-public3a30.js]
[www.southamericatravelsonline.com/modules/gva_blockbuilder/vendor/skrollr.mina0fc.js]
[www.southamericatravelsonline.com/modules/gva_blockbuilder/vendor/maina0fc.js]
[www.southamericatravelsonline.com/index.html]
[www.googletagmanager.com/gtm5445.html]
[www.southamericatravelsonline.com/home-2.html]
[www.southamericatravelsonline.com/node/2.html]
[www.southamericatravelsonline.com/modules/gavias_sliderlayer/vendor/revolution/fonts/revicons/revicons90c6.eot]
[www.southamericatravelsonline.com/modules/gavias_sliderlayer/vendor/revolution/fonts/revicons/revicons90c6.woff]
[www.southamericatravelsonline.com/modules/gavias_sliderlayer/vendor/revolution/fonts/revicons/revicons90c6.ttf]
[www.southamericatravelsonline.com/modules/gavias_sliderlayer/vendor/revolution/assets/gridtile.png]
[www.southamericatravelsonline.com/modules/gavias_sliderlayer/vendor/revolution/assets/gridtile_white.png]
[www.southamericatravelsonline.com/modules/gavias_sliderlayer/vendor/revolution/assets/gridtile_3x3.png]
[www.southamericatravelsonline.com/modules/gavias_sliderlayer/vendor/revolution/assets/gridtile_3x3_white.png]
[www.southamericatravelsonline.com/modules/gavias_sliderlayer/vendor/revolution/assets/coloredbg.png]
[www.southamericatravelsonline.com/modules/gavias_sliderlayer/vendor/revolution/assets/loader.gif]
[www.southamericatravelsonline.com/modules/gavias_sliderlayer/vendor/revolution/css/settings1026.css]
[www.southamericatravelsonline.com/modules/gavias_sliderlayer/vendor/revolution/css/layers1026.css]
[www.southamericatravelsonline.com/modules/gavias_sliderlayer/vendor/revolution/css/navigation1026.css]
[www.southamericatravelsonline.com/modules/gva_blockbuilder/assets/css/frontend1026.css]
[www.southamericatravelsonline.com/themes/gavias_buildpro/css/sliderlayer1026.css]
[www.southamericatravelsonline.com/themes/gavias_buildpro/fonts/fontawesome-webfont3e6e.eot]
[www.southamericatravelsonline.com/themes/gavias_buildpro/fonts/fontawesome-webfontd41d.eot]
[www.southamericatravelsonline.com/themes/gavias_buildpro/fonts/fontawesome-webfont3e6e.woff2]
[www.southamericatravelsonline.com/themes/gavias_buildpro/fonts/fontawesome-webfont3e6e.woff]
[www.southamericatravelsonline.com/themes/gavias_buildpro/fonts/fontawesome-webfont3e6e.ttf]
[www.southamericatravelsonline.com/themes/gavias_buildpro/css/font-awesome1026.css]
[www.southamericatravelsonline.com/themes/gavias_buildpro/css/animate1026.css]
[www.southamericatravelsonline.com/themes/gavias_buildpro/fonts/icon/icond046.eot]
[www.southamericatravelsonline.com/themes/gavias_buildpro/fonts/icon/icond046.ttf]
[www.southamericatravelsonline.com/themes/gavias_buildpro/fonts/icon/icond046.woff]
[www.southamericatravelsonline.com/themes/gavias_buildpro/css/icon1026.css]
[www.southamericatravelsonline.com/themes/gavias_buildpro/vendor/owl-carousel/assets/owl.video.play.png]
[www.southamericatravelsonline.com/themes/gavias_buildpro/vendor/owl-carousel/assets/owl.carousel.min1026.css]
[www.southamericatravelsonline.com/themes/gavias_buildpro/vendor/owl-carousel/assets/owl.theme.default.min1026.css]
[www.southamericatravelsonline.com/themes/gavias_buildpro/vendor/prettyphoto/images/prettyPhoto/default/sprite.png]
[www.southamericatravelsonline.com/themes/gavias_buildpro/vendor/prettyphoto/images/prettyPhoto/default/sprite_x.png]
[www.southamericatravelsonline.com/themes/gavias_buildpro/vendor/prettyphoto/images/prettyPhoto/default/sprite_y.png]
[www.southamericatravelsonline.com/themes/gavias_buildpro/vendor/prettyphoto/images/prettyPhoto/default/sprite_next.png]
[www.southamericatravelsonline.com/themes/gavias_buildpro/vendor/prettyphoto/images/prettyPhoto/default/sprite_prev.png]
[www.southamericatravelsonline.com/themes/gavias_buildpro/vendor/prettyphoto/images/prettyPhoto/default/default_thumb.png]
[www.southamericatravelsonline.com/themes/gavias_buildpro/vendor/prettyphoto/images/prettyPhoto/default/loader.gif]
[www.southamericatravelsonline.com/themes/gavias_buildpro/vendor/prettyphoto/images/prettyPhoto/light_rounded/sprite.png]
[www.southamericatravelsonline.com/themes/gavias_buildpro/vendor/prettyphoto/images/prettyPhoto/light_rounded/btnNext.png]
[www.southamericatravelsonline.com/themes/gavias_buildpro/vendor/prettyphoto/images/prettyPhoto/light_rounded/btnPrevious.png]
[www.southamericatravelsonline.com/themes/gavias_buildpro/vendor/prettyphoto/images/prettyPhoto/light_rounded/loader.gif]
[www.southamericatravelsonline.com/themes/gavias_buildpro/vendor/prettyphoto/images/prettyPhoto/dark_rounded/sprite.png]
[www.southamericatravelsonline.com/themes/gavias_buildpro/vendor/prettyphoto/images/prettyPhoto/dark_rounded/contentPattern.png]
[www.southamericatravelsonline.com/themes/gavias_buildpro/vendor/prettyphoto/images/prettyPhoto/dark_rounded/btnNext.png]
[www.southamericatravelsonline.com/themes/gavias_buildpro/vendor/prettyphoto/images/prettyPhoto/dark_rounded/btnPrevious.png]
[www.southamericatravelsonline.com/themes/gavias_buildpro/vendor/prettyphoto/images/prettyPhoto/dark_rounded/loader.gif]
[www.southamericatravelsonline.com/themes/gavias_buildpro/vendor/prettyphoto/images/prettyPhoto/dark_square/loader.gif]
[www.southamericatravelsonline.com/themes/gavias_buildpro/vendor/prettyphoto/images/prettyPhoto/dark_square/sprite.png]
[www.southamericatravelsonline.com/themes/gavias_buildpro/vendor/prettyphoto/images/prettyPhoto/dark_square/btnNext.png]
[www.southamericatravelsonline.com/themes/gavias_buildpro/vendor/prettyphoto/images/prettyPhoto/dark_square/btnPrevious.png]
[www.southamericatravelsonline.com/themes/gavias_buildpro/vendor/prettyphoto/images/prettyPhoto/light_square/sprite.png]
[www.southamericatravelsonline.com/themes/gavias_buildpro/vendor/prettyphoto/images/prettyPhoto/light_square/btnNext.png]
[www.southamericatravelsonline.com/themes/gavias_buildpro/vendor/prettyphoto/images/prettyPhoto/light_square/btnPrevious.png]
[www.southamericatravelsonline.com/themes/gavias_buildpro/vendor/prettyphoto/images/prettyPhoto/facebook/sprite.png]
[www.southamericatravelsonline.com/themes/gavias_buildpro/vendor/prettyphoto/images/prettyPhoto/facebook/contentPatternTop.png]
[www.southamericatravelsonline.com/themes/gavias_buildpro/vendor/prettyphoto/images/prettyPhoto/facebook/contentPatternLeft.png]
[www.southamericatravelsonline.com/themes/gavias_buildpro/vendor/prettyphoto/images/prettyPhoto/facebook/contentPatternRight.png]
[www.southamericatravelsonline.com/themes/gavias_buildpro/vendor/prettyphoto/images/prettyPhoto/facebook/loader.gif]
[www.southamericatravelsonline.com/themes/gavias_buildpro/vendor/prettyphoto/images/prettyPhoto/facebook/btnNext.png]
[www.southamericatravelsonline.com/themes/gavias_buildpro/vendor/prettyphoto/images/prettyPhoto/facebook/btnPrevious.png]
[www.southamericatravelsonline.com/themes/gavias_buildpro/vendor/prettyphoto/images/prettyPhoto/facebook/contentPatternBottom.png]
[www.southamericatravelsonline.com/themes/gavias_buildpro/vendor/prettyphoto/images/prettyPhoto/facebook/default_thumbnail.gif]
[www.southamericatravelsonline.com/themes/gavias_buildpro/vendor/prettyphoto/css/prettyPhoto1026.css]
[www.southamericatravelsonline.com/themes/gavias_buildpro/vendor/ytplayer/css/jquery.mb.YTPlayer.min1026.css]
[www.southamericatravelsonline.com/themes/gavias_buildpro/vendor/magnific/magnific-popup1026.css]
[www.southamericatravelsonline.com/themes/gavias_buildpro/css/skins/blue/bootstrap1026.css]
[www.southamericatravelsonline.com/themes/gavias_buildpro/images/bg-footer.jpg]
[www.southamericatravelsonline.com/themes/gavias_buildpro/images/bg-team.png]
[www.southamericatravelsonline.com/themes/gavias_buildpro/images/icon-play-2.png]
[www.southamericatravelsonline.com/themes/gavias_buildpro/images/forum-default.png]
[www.southamericatravelsonline.com/themes/gavias_buildpro/images/forum-icons.png]
[www.southamericatravelsonline.com/themes/gavias_buildpro/images/testimonial-icon.png]
[www.southamericatravelsonline.com/themes/gavias_buildpro/css/skins/blue/template1026.css]
[www.southamericatravelsonline.com/themes/gavias_buildpro/css/custom.css]
[www.southamericatravelsonline.com/themes/gavias_buildpro/images/preloader/preloader-10.gif]
[www.southamericatravelsonline.com/themes/gavias_buildpro/css/update.css]
[www.southamericatravelsonline.com/node/72.html]
[www.southamericatravelsonline.com/our_trips.html]
[www.southamericatravelsonline.com/node/75.html]
[www.southamericatravelsonline.com/destinations.html]
[www.southamericatravelsonline.com/node/236.html]
[www.southamericatravelsonline.com/sites/default/files/portfolio/6_0.jpg]
[www.southamericatravelsonline.com/sites/default/files/Untitled design (2).jpg]
[www.southamericatravelsonline.com/sites/default/files/1.jpg]
[www.southamericatravelsonline.com/sites/default/files/2.jpg]
[www.southamericatravelsonline.com/sites/default/files/3.jpg]
[www.southamericatravelsonline.com/sites/default/files/5.jpg]
[www.southamericatravelsonline.com/sites/default/files/4.jpg]
[www.southamericatravelsonline.com/sites/default/files/inline-images/Machu_Picchu_Weather.png]
[www.southamericatravelsonline.com/peru.html]
[www.southamericatravelsonline.com/node/246.html]
[www.southamericatravelsonline.com/sites/default/files/4_2.jpg]
[www.southamericatravelsonline.com/sites/default/files/6.jpg]
[www.southamericatravelsonline.com/sites/default/files/3_0.jpg]
[www.southamericatravelsonline.com/sites/default/files/1_0.jpg]
[www.southamericatravelsonline.com/sites/default/files/2_0.jpg]
[www.southamericatravelsonline.com/argentina.html]
[www.southamericatravelsonline.com/node/121.html]
[www.southamericatravelsonline.com/sites/default/files/portfolio/3.jpg]
[www.southamericatravelsonline.com/sites/default/files/2_1.jpg]
[www.southamericatravelsonline.com/sites/default/files/1_1.jpg]
[www.southamericatravelsonline.com/sites/default/files/3_1.jpg]
[www.southamericatravelsonline.com/sites/default/files/5_0.jpg]
[www.southamericatravelsonline.com/overview-1.html]
[www.southamericatravelsonline.com/node/243.html]
[www.southamericatravelsonline.com/sites/default/files/2_4.jpg]
[www.southamericatravelsonline.com/sites/default/files/1_2.jpg]
[www.southamericatravelsonline.com/sites/default/files/4_0.jpg]
[www.southamericatravelsonline.com/sites/default/files/2_2.jpg]
[www.southamericatravelsonline.com/sites/default/files/3_2.jpg]
[www.southamericatravelsonline.com/chile.html]
[www.southamericatravelsonline.com/node/251.html]
[www.southamericatravelsonline.com/sites/default/files/5_2.jpg]
[www.southamericatravelsonline.com/sites/default/files/2_3.jpg]
[www.southamericatravelsonline.com/sites/default/files/5_1.jpg]
[www.southamericatravelsonline.com/sites/default/files/4_1.jpg]
[www.southamericatravelsonline.com/sites/default/files/Untitled design_0.jpg]
[www.southamericatravelsonline.com/sites/default/files/3_3.jpg]
[www.southamericatravelsonline.com/ecuador.html]
[www.southamericatravelsonline.com/node/298.html]
[www.southamericatravelsonline.com/south-america-ultimate-bucket-list.html]
[www.southamericatravelsonline.com/content_and_info_by_destination/477.html]
[www.southamericatravelsonline.com/Peru/Peru/History/Peru-history.html]
[www.southamericatravelsonline.com/Peru/Peru/Museums/museums-in-Peru.html]
[www.southamericatravelsonline.com/peru-geography.html]
[www.southamericatravelsonline.com/Peru/Peru/Weather/Peru-weather.html]
[www.southamericatravelsonline.com/things-see-southern-peru.html]
[www.southamericatravelsonline.com/Peru/Peru/Regional-gastronomy/Peru-food.html]
[www.southamericatravelsonline.com/lima-general.html]
[www.southamericatravelsonline.com/lima-history.html]
[www.southamericatravelsonline.com/Peru/Lima/Museums/Lima-museums.html]
[www.southamericatravelsonline.com/Peru/Lima/Geography/Lima-geography.html]
[www.southamericatravelsonline.com/Peru/Lima/Weather/Lima-weather.html]
[www.southamericatravelsonline.com/things-do-lima.html]
[www.southamericatravelsonline.com/Peru/Lima.html]
[www.southamericatravelsonline.com/Peru/North-Coast-Peru.html]
[www.southamericatravelsonline.com/history-north-coast.html]
[www.southamericatravelsonline.com/north-cost-museums.html]
[www.southamericatravelsonline.com/weather-north-coast.html]
[www.southamericatravelsonline.com/geography-north-coast.html]
[www.southamericatravelsonline.com/things-see-north-coast.html]
[www.southamericatravelsonline.com/north-peru.html]
[www.southamericatravelsonline.com/north-peru-climate.html]
[www.southamericatravelsonline.com/north-peru-geography.html]
[www.southamericatravelsonline.com/what-do-north-peru.html]
[www.southamericatravelsonline.com/south-coast.html]
[www.southamericatravelsonline.com/south-coast-history.html]
[www.southamericatravelsonline.com/south-coast-museums.html]
[www.southamericatravelsonline.com/south-coast-climate.html]
[www.southamericatravelsonline.com/south-coast-geography.html]
[www.southamericatravelsonline.com/things-see-southern-peru-0.html]
[www.southamericatravelsonline.com/cusco-general.html]
[www.southamericatravelsonline.com/cuzco-history.html]
[www.southamericatravelsonline.com/cuzco-museums.html]
[www.southamericatravelsonline.com/Peru/Cusco/Weather/Cusco-weather.html]
[www.southamericatravelsonline.com/cuzco-geography.html]
[www.southamericatravelsonline.com/Peru/Cusco/Things-to-See/what-to-do-in-Cusco.html]
[www.southamericatravelsonline.com/cusco-gastronomy.html]
[www.southamericatravelsonline.com/Peru/Sacred-Valley/Things-to-See/Sacred-Valley-Tours.html]
[www.southamericatravelsonline.com/sacred-valley-cusco-history.html]
[www.southamericatravelsonline.com/Peru/Sacred-Valley/Weather/Sacred-Valley-Peru-Weather.html]
[www.southamericatravelsonline.com/Peru/Sacred-Valley/Geography/Sacred-Valley-map.html]
[www.southamericatravelsonline.com/things-do-sacred-valley-cusco.html]
[www.southamericatravelsonline.com/machu-picchu-0.html]
[www.southamericatravelsonline.com/Peru/Machu-Picchu/History/Machu-Picchu-history.html]
[www.southamericatravelsonline.com/Peru/Machu-Picchu/Museums/Machu-Picchu-museum.html]
[www.southamericatravelsonline.com/Peru/Machu-Picchu/Weather/Machu-Picchu-weather.html]
[www.southamericatravelsonline.com/Peru/Machu-Picchu/Geography/Machu-Picchu-geography,-Machu-Picchu-map.html]
[www.southamericatravelsonline.com/Peru/Machu-Picchu/Things-to-See/attractions-in-Peru%2C-Machu-Picchu-information.html]
[www.southamericatravelsonline.com/puno-lake-titicaca.html]
[www.southamericatravelsonline.com/puno-lake-titicaca-history.html]
[www.southamericatravelsonline.com/lake-titicaca-puno-museums.html]
[www.southamericatravelsonline.com/puno-lake-titicaca-climate.html]
[www.southamericatravelsonline.com/puno-lake-titicaca-geography.html]
[www.southamericatravelsonline.com/Peru/Puno-%2526-Lake-Titicaca/Things-to-See/Lake-Titicaca-tours.html]
[www.southamericatravelsonline.com/Peru/Cusco/Museums/Cuzco-museums.html]
[www.southamericatravelsonline.com/Peru/Amazon-Rainforest/History/Amazon-rainforest-history.html]
[www.southamericatravelsonline.com/Peru/Amazon-Rainforest/Weather/Amazon-rainforest-climate.html]
[www.southamericatravelsonline.com/Peru/Amazon-Rainforest/Geography/Amazon-rainforest-geography.html]
[www.southamericatravelsonline.com/Peru/Amazon-Rainforest/Things-to-See/what-to-do-in-the-Amazon-rainforest.html]
[www.southamericatravelsonline.com/Peru/Amazon-Rainforest.html]
[www.southamericatravelsonline.com/content_and_info_by_destination/210.html]
[www.southamericatravelsonline.com/arequipa-and-colca-canyon-history.html]
[www.southamericatravelsonline.com/arequipa-colca-canyon-museums.html]
[www.southamericatravelsonline.com/arequipa-and-colca-canyon-climate.html]
[www.southamericatravelsonline.com/arequipa-and-colca-canyon-geography.html]
[www.southamericatravelsonline.com/things-see-and-do-arequipa-and-colca-canyon.html]
[www.southamericatravelsonline.com/arequipa-gastronomy.html]
[www.southamericatravelsonline.com/ecuador-general.html]
[www.southamericatravelsonline.com/Ecuador/Ecuador-Mainland/History/Ecuador-History.html]
[www.southamericatravelsonline.com/Ecuador/Ecuador-Mainland/Museums/Ecuador-Museums.html]
[www.southamericatravelsonline.com/central-ecuadorr.html]
[www.southamericatravelsonline.com/ecuador-geography.html]
[www.southamericatravelsonline.com/Ecuador/Ecuador-Mainland/Things-to-See/things-to-do-in-Ecuador.html]
[www.southamericatravelsonline.com/content_and_info_by_destination/485.html]
[www.southamericatravelsonline.com/Galapagos-Islands/History/Galapagos-Islands-history.html]
[www.southamericatravelsonline.com/Galapagos-Islands.html]
[www.southamericatravelsonline.com/Galapagos-Islands/Weather/Galapagos-weather.html]
[www.southamericatravelsonline.com/Galapagos-Islands/Geography/Galapagos-islands-geography.html]
[www.southamericatravelsonline.com/Galapagos-Islands/Things-to-See/Galapagos-islands-tours.html]
[www.southamericatravelsonline.com/travel-information-0.html]
[www.southamericatravelsonline.com/node/18.html]
[www.southamericatravelsonline.com/modules/webform/css/webform.element.details.toggle1026.css]
[www.southamericatravelsonline.com/user/loginba99.html]
[www.southamericatravelsonline.com/modules/webform/js/webform.states5515.js]
[www.southamericatravelsonline.com/modules/webform/js/webform.form5515.js]
[www.southamericatravelsonline.com/visas/index.html]
[www.southamericatravelsonline.com/modules/webform/js/webform.element.details.save5515.js]
[www.southamericatravelsonline.com/modules/webform/js/webform.element.details.toggle5515.js]
[www.southamericatravelsonline.com/modules/webform/js/webform.element.message5515.js]
[www.southamericatravelsonline.com/visas.html]
[www.southamericatravelsonline.com/node/132.html]
[www.southamericatravelsonline.com/travel-insurance/index.html]
[www.southamericatravelsonline.com/user/login8b77.html]
[www.southamericatravelsonline.com/travel-insurance.html]
[www.southamericatravelsonline.com/node/296.html]
[www.southamericatravelsonline.com/user/login133d.html]
[www.southamericatravelsonline.com/south-america-money-issues-0.html]
[www.southamericatravelsonline.com/node/92.html]
[www.southamericatravelsonline.com/user/login0791.html]
[www.southamericatravelsonline.com/travelling-south-america-overland.html]
[www.southamericatravelsonline.com/travelling-south-america-overland/index.html]
[www.southamericatravelsonline.com/node/12.html]
[www.southamericatravelsonline.com/user/login819e.html]
[www.southamericatravelsonline.com/flights-south-america.html]
[www.southamericatravelsonline.com/flights-south-america/index.html]
[www.southamericatravelsonline.com/node/91.html]
[www.southamericatravelsonline.com/user/logind8a4.html]
[www.southamericatravelsonline.com/south-america-airport-taxes.html]
[www.southamericatravelsonline.com/south-america-airport-taxes/index.html]
[www.southamericatravelsonline.com/node/95.html]
[www.southamericatravelsonline.com/user/loginc597.html]
[www.southamericatravelsonline.com/altitude-sickness.html]
[www.southamericatravelsonline.com/altitude-sickness/index.html]
[www.southamericatravelsonline.com/node/94.html]
[www.southamericatravelsonline.com/user/login1d87.html]
[www.southamericatravelsonline.com/vaccinations.html]
[www.southamericatravelsonline.com/node/297.html]
[www.southamericatravelsonline.com/user/login5acd.html]
[www.southamericatravelsonline.com/health-general-0.html]
[www.southamericatravelsonline.com/health-general-0/index.html]
[www.southamericatravelsonline.com/node/6.html]
[www.southamericatravelsonline.com/modules/antibot/css/antibot1026.css]
[www.southamericatravelsonline.com/modules/antibot/js/antibot1026.js]
[www.southamericatravelsonline.com/contact_south_america_travels_online.html]
[www.southamericatravelsonline.com/node/84.html]
[www.southamericatravelsonline.com/sites/default/files/inline-images/arrive20to20lima_5_1_0.jpg]
[www.southamericatravelsonline.com/sites/default/files/inline-images/lima20city20tour_1_1_1.jpg]
[www.southamericatravelsonline.com/sites/default/files/inline-images/cusco20city20tour_2_1_0.jpg]
[www.southamericatravelsonline.com/sites/default/files/inline-images/sacred20valley20tour_3_1_0.jpg]
[www.southamericatravelsonline.com/sites/default/files/inline-images/machu20picchu20d2_0_1_1.jpg]
[www.southamericatravelsonline.com/sites/default/files/inline-images/machu20picchu20d201_4_1_3.jpg]
[www.southamericatravelsonline.com/sites/default/files/inline-images/lake20titicaca20tour_0_1_0.jpg]
[www.southamericatravelsonline.com/sites/default/files/inline-images/isla_del_sol_bolivia.jpg]
[www.southamericatravelsonline.com/sites/default/files/inline-images/lake-titicaca-and-copacabana-bolivia.jpg]
[www.southamericatravelsonline.com/sites/default/files/inline-images/valley_of_the_moon.jpg]
[www.southamericatravelsonline.com/sites/default/files/inline-images/expreso_del_sur.jpg]
[www.southamericatravelsonline.com/sites/default/files/inline-images/el_majestuoso_salar_de_uyuni_bolivia.jpg]
[www.southamericatravelsonline.com/sites/default/files/inline-images/la-paz-bolivia.jpg]
[www.southamericatravelsonline.com/sites/default/files/inline-images/lima_larcomar_sunset_1_1.jpg]
[www.southamericatravelsonline.com/package_details/1727.html]
[www.southamericatravelsonline.com/node/85.html]
[www.southamericatravelsonline.com/sites/default/files/inline-images/free20day20cusco_2_1.jpg]
[www.southamericatravelsonline.com/sites/default/files/inline-images/inka20express20cusco2020puno_1_1.jpg]
[www.southamericatravelsonline.com/sites/default/files/inline-images/sullistani20towers_1.jpg]
[www.southamericatravelsonline.com/package_details/291.html]
[www.southamericatravelsonline.com/node/86.html]
[www.southamericatravelsonline.com/sites/default/files/inline-images/ba.jpg]
[www.southamericatravelsonline.com/sites/default/files/inline-images/buenos_aires-plaza_congreso-pensador_de_rodin_0.jpg]
[www.southamericatravelsonline.com/sites/default/files/inline-images/iguazzu.jpg]
[www.southamericatravelsonline.com/sites/default/files/inline-images/iguazzu_2.jpg]
[www.southamericatravelsonline.com/sites/default/files/inline-images/rio1_1.jpg]
[www.southamericatravelsonline.com/sites/default/files/inline-images/rio2_1.jpg]
[www.southamericatravelsonline.com/sites/default/files/inline-images/rio3_1.jpg]
[www.southamericatravelsonline.com/package_details/298.html]
[www.southamericatravelsonline.com/node/87.html]
[www.southamericatravelsonline.com/sites/default/files/inline-images/santiago1.jpg]
[www.southamericatravelsonline.com/sites/default/files/inline-images/santiago2_1.jpg]
[www.southamericatravelsonline.com/sites/default/files/inline-images/puertonatales_1.jpg]
[www.southamericatravelsonline.com/sites/default/files/inline-images/torresdelpaine.jpg]
[www.southamericatravelsonline.com/sites/default/files/inline-images/torresdelpaine2.jpg]
[www.southamericatravelsonline.com/sites/default/files/inline-images/puerte_vares_1.jpg]
[www.southamericatravelsonline.com/sites/default/files/inline-images/bariloche.jpg]
[www.southamericatravelsonline.com/sites/default/files/inline-images/bariloche_1.jpg]
[www.southamericatravelsonline.com/sites/default/files/inline-images/calafate_1.jpg]
[www.southamericatravelsonline.com/sites/default/files/inline-images/losglaciers.jpg]
[www.southamericatravelsonline.com/sites/default/files/inline-images/ushuaia_1.jpg]
[www.southamericatravelsonline.com/sites/default/files/inline-images/tierradelfuego.jpg]
[www.southamericatravelsonline.com/sites/default/files/inline-images/buenos20aires_1.jpg]
[www.southamericatravelsonline.com/package_details/664.html]
[www.southamericatravelsonline.com/node/88.html]
[www.southamericatravelsonline.com/sites/default/files/inline-images/ba_night.jpg]
[www.southamericatravelsonline.com/sites/default/files/inline-images/mendoza_0.jpg]
[www.southamericatravelsonline.com/sites/default/files/inline-images/mendoza-city.jpg]
[www.southamericatravelsonline.com/sites/default/files/inline-images/mendoza3.jpg]
[www.southamericatravelsonline.com/sites/default/files/inline-images/glacier.jpg]
[www.southamericatravelsonline.com/sites/default/files/inline-images/buenos-aires_gy.jpg]
[www.southamericatravelsonline.com/package_details/881.html]
[www.southamericatravelsonline.com/node/89.html]
[www.southamericatravelsonline.com/sites/default/files/inline-images/valparaiso_1.jpg]
[www.southamericatravelsonline.com/sites/default/files/inline-images/valparaiso-a-noite_1.jpg]
[www.southamericatravelsonline.com/sites/default/files/inline-images/maipo_valley_wine_1.jpg]
[www.southamericatravelsonline.com/sites/default/files/inline-images/atacama1.jpg]
[www.southamericatravelsonline.com/sites/default/files/inline-images/atacama2.jpg]
[www.southamericatravelsonline.com/sites/default/files/inline-images/atacama3_1.jpg]
[www.southamericatravelsonline.com/sites/default/files/inline-images/santiago3_1.jpg]
[www.southamericatravelsonline.com/sites/default/files/inline-images/santiago4_1.jpg]
[www.southamericatravelsonline.com/package_details/666.html]
[www.southamericatravelsonline.com/node/96.html]
[www.southamericatravelsonline.com/sites/default/files/inline-images/free20day20huacachina_1.jpg]
[www.southamericatravelsonline.com/sites/default/files/inline-images/nazca20lines20overflight_1.jpg]
[www.southamericatravelsonline.com/sites/default/files/inline-images/free20day20arequipa_0_1.jpg]
[www.southamericatravelsonline.com/sites/default/files/inline-images/colca20day201_0_1.jpg]
[www.southamericatravelsonline.com/sites/default/files/inline-images/colca20d2_0_1.jpg]
[www.southamericatravelsonline.com/package_details/292.html]
[www.southamericatravelsonline.com/node/97.html]
[www.southamericatravelsonline.com/sites/default/files/inline-images/rio_beach_0.jpg]
[www.southamericatravelsonline.com/sites/default/files/inline-images/iguazzu3_0.jpg]
[www.southamericatravelsonline.com/sites/default/files/inline-images/manaus.jpg]
[www.southamericatravelsonline.com/sites/default/files/inline-images/jungle20d203_1.jpg]
[www.southamericatravelsonline.com/sites/default/files/inline-images/salvador_0.jpg]
[www.southamericatravelsonline.com/sites/default/files/inline-images/salvador2.jpg]
[www.southamericatravelsonline.com/sites/default/files/inline-images/buzios.jpg]
[www.southamericatravelsonline.com/package_details/875.html]
[www.southamericatravelsonline.com/node/98.html]
[www.southamericatravelsonline.com/sites/default/files/inline-images/daytoday_lapaz_0.jpg]
[www.southamericatravelsonline.com/sites/default/files/inline-images/daytoday_sucre_0.png]
[www.southamericatravelsonline.com/sites/default/files/inline-images/daytoday_potosi_0.png]
[www.southamericatravelsonline.com/sites/default/files/inline-images/daytoday_uyni1_0.jpg]
[www.southamericatravelsonline.com/sites/default/files/inline-images/daytoday_uyni2.jpg]
[www.southamericatravelsonline.com/sites/default/files/inline-images/daytoday_lagunacolorado.png]
[www.southamericatravelsonline.com/sites/default/files/inline-images/daytoday_lagunaverde.png]
[www.southamericatravelsonline.com/sites/default/files/inline-images/daytoday_sancristobal.png]
[www.southamericatravelsonline.com/sites/default/files/inline-images/daytoday_lapaz.png]
[www.southamericatravelsonline.com/package_details/2746.html]
[www.southamericatravelsonline.com/node/99.html]
[www.southamericatravelsonline.com/sites/default/files/inline-images/free20day20cusco_2_1_0.jpg]
[www.southamericatravelsonline.com/sites/default/files/inline-images/jungle20d201_0_1.jpg]
[www.southamericatravelsonline.com/sites/default/files/inline-images/jungle20d202_1.jpg]
[www.southamericatravelsonline.com/package_details/295.html]
[www.southamericatravelsonline.com/node/107.html]
[www.southamericatravelsonline.com/sites/default/files/inline-images/quito1_1.jpg]
[www.southamericatravelsonline.com/sites/default/files/inline-images/quito2_1.jpg]
[www.southamericatravelsonline.com/sites/default/files/inline-images/otavalo.jpg]
[www.southamericatravelsonline.com/sites/default/files/inline-images/cotopaxi.jpg]
[www.southamericatravelsonline.com/sites/default/files/inline-images/cuenca.jpg]
[www.southamericatravelsonline.com/sites/default/files/inline-images/guayaquil_1.jpg]
[www.southamericatravelsonline.com/sites/default/files/inline-images/galapagos1.jpg]
[www.southamericatravelsonline.com/sites/default/files/inline-images/galapagos2.jpg]
[www.southamericatravelsonline.com/sites/default/files/inline-images/galapagos3.jpg]
[www.southamericatravelsonline.com/sites/default/files/inline-images/quito_last_1.jpg]
[www.southamericatravelsonline.com/package_details/657.html]
[www.southamericatravelsonline.com/node/109.html]
[www.southamericatravelsonline.com/sites/default/files/inline-images/lima_shopping_1.jpg]
[www.southamericatravelsonline.com/sites/default/files/inline-images/galapagos4.jpg]
[www.southamericatravelsonline.com/package_details/297.html]
[www.southamericatravelsonline.com/node/110.html]
[www.southamericatravelsonline.com/sites/default/files/inline-images/quito-ecuador_1.jpg]
[www.southamericatravelsonline.com/sites/default/files/inline-images/quito-panecillo_0.jpg]
[www.southamericatravelsonline.com/sites/default/files/inline-images/galapagos_1.jpg]
[www.southamericatravelsonline.com/sites/default/files/inline-images/iguanas_1.jpg]
[www.southamericatravelsonline.com/sites/default/files/inline-images/phoca_thumb_l_segundo_lugar_-_diego_1.jpg]
[www.southamericatravelsonline.com/package_details/1181.html]
[www.southamericatravelsonline.com/node/250.html]
[www.southamericatravelsonline.com/sites/default/files/Untitled design (1.html]
[www.southamericatravelsonline.com/modules/gavias_sliderlayer/vendor/revolution/fonts/revicons/revicons90c6.svg]
[www.southamericatravelsonline.com/modules/gavias_sliderlayer/vendor/revolution/css/openhand.html]
[www.southamericatravelsonline.com/modules/gavias_sliderlayer/vendor/revolution/css/closedhand.html]
[www.southamericatravelsonline.com/themes/gavias_buildpro/imagesgrid-slide.html]
[www.southamericatravelsonline.com/themes/gavias_buildpro/fonts/fontawesome-webfont3e6e.svg]
[www.southamericatravelsonline.com/themes/gavias_buildpro/fonts/icon/icond046.svg]
[www.southamericatravelsonline.com/themes/gavias_buildpro/vendor/ytplayer/css/font/ytp-regular.html]
[www.southamericatravelsonline.com/themes/gavias_buildpro/fonts/glyphicons-halflings-regular.html]
[www.southamericatravelsonline.com/themes/gavias_buildpro/fonts/glyphicons-halflings-regulard41d.html]
[www.southamericatravelsonline.com/themes/gavias_buildpro/fonts/glyphicons-halflings-regular-2.html]
[www.southamericatravelsonline.com/themes/gavias_buildpro/fonts/glyphicons-halflings-regular-3.html]
[www.southamericatravelsonline.com/themes/gavias_buildpro/fonts/glyphicons-halflings-regular-4.html]
[www.southamericatravelsonline.com/themes/gavias_buildpro/images/bg-home.html]
[www.southamericatravelsonline.com/node/72.html]
[www.southamericatravelsonline.com/node/75.html]
[www.southamericatravelsonline.com/node/236.html]
[www.southamericatravelsonline.com/node/246.html]
[www.southamericatravelsonline.com/node/121.html]
[www.southamericatravelsonline.com/node/243.html]
[www.southamericatravelsonline.com/node/251.html]
[www.southamericatravelsonline.com/node/298.html]
[www.southamericatravelsonline.com/node/299.html]
[www.southamericatravelsonline.com/sites/default/files/articles/D8E6wA.jpg]
[www.southamericatravelsonline.com/user/login35ce.html]
[www.southamericatravelsonline.com/south-america-ultimate-bucket-list.html]
[www.southamericatravelsonline.com/south-america-ultimate-bucket-list/index.html]
[www.southamericatravelsonline.com/node/198.html]
[www.southamericatravelsonline.com/taxonomy/term/17.html]
[www.southamericatravelsonline.com/content_and_info_by_destination/477/index.html]
[www.southamericatravelsonline.com/user/logine9c7.html]
[www.southamericatravelsonline.com/content_and_info_by_destination/477.html]
[www.southamericatravelsonline.com/node/215.html]
[www.southamericatravelsonline.com/user/login2a2d.html]
[www.southamericatravelsonline.com/Peru/Peru/History/Peru-history.html]
[www.southamericatravelsonline.com/Peru/Peru/History/Peru-history/index.html]
[www.southamericatravelsonline.com/node/216.html]
[www.southamericatravelsonline.com/user/logina449.html]
[www.southamericatravelsonline.com/Peru/Peru/Museums/museums-in-Peru.html]
[www.southamericatravelsonline.com/Peru/Peru/Museums/museums-in-Peru/index.html]
[www.southamericatravelsonline.com/node/252.html]
[www.southamericatravelsonline.com/peru-geography/index.html]
[www.southamericatravelsonline.com/user/login7f47.html]
[www.southamericatravelsonline.com/peru-geography.html]
[www.southamericatravelsonline.com/node/176.html]
[www.southamericatravelsonline.com/user/login1001.html]
[www.southamericatravelsonline.com/Peru/Peru/Weather/Peru-weather.html]
[www.southamericatravelsonline.com/Peru/Peru/Weather/Peru-weather/index.html]
[www.southamericatravelsonline.com/node/166.html]
[www.southamericatravelsonline.com/user/login7f45.html]
[www.southamericatravelsonline.com/things-see-southern-peru.html]
[www.southamericatravelsonline.com/things-see-southern-peru/index.html]
[www.southamericatravelsonline.com/node/226.html]
[www.southamericatravelsonline.com/user/login4918.html]
[www.southamericatravelsonline.com/Peru/Peru/Regional-gastronomy/Peru-food.html]
[www.southamericatravelsonline.com/Peru/Peru/Regional-gastronomy/Peru-food/index.html]
[www.southamericatravelsonline.com/node/253.html]
[www.southamericatravelsonline.com/user/login14ae.html]
[www.southamericatravelsonline.com/lima-general.html]
[www.southamericatravelsonline.com/lima-general/index.html]
[www.southamericatravelsonline.com/node/254.html]
[www.southamericatravelsonline.com/user/login46a8.html]
[www.southamericatravelsonline.com/lima-history.html]
[www.southamericatravelsonline.com/lima-history/index.html]
[www.southamericatravelsonline.com/node/229.html]
[www.southamericatravelsonline.com/user/login6b30.html]
[www.southamericatravelsonline.com/Peru/Lima/Museums/Lima-museums.html]
[www.southamericatravelsonline.com/Peru/Lima/Museums/Lima-museums/index.html]
[www.southamericatravelsonline.com/node/197.html]
[www.southamericatravelsonline.com/Peru/Lima/Geography/Lima-geography/index.html]
[www.southamericatravelsonline.com/user/login71b2.html]
[www.southamericatravelsonline.com/Peru/Lima/Geography/Lima-geography.html]
[www.southamericatravelsonline.com/node/221.html]
[www.southamericatravelsonline.com/user/login17db.html]
[www.southamericatravelsonline.com/Peru/Lima/Weather/Lima-weather.html]
[www.southamericatravelsonline.com/Peru/Lima/Weather/Lima-weather/index.html]
[www.southamericatravelsonline.com/node/255.html]
[www.southamericatravelsonline.com/user/login04ce.html]
[www.southamericatravelsonline.com/things-do-lima.html]
[www.southamericatravelsonline.com/things-do-lima/index.html]
[www.southamericatravelsonline.com/node/182.html]
[www.southamericatravelsonline.com/user/login6a5f.html]
[www.southamericatravelsonline.com/Peru/Lima.html]
[www.southamericatravelsonline.com/Peru/Lima/index.html]
[www.southamericatravelsonline.com/node/175.html]
[www.southamericatravelsonline.com/user/loginf07f.html]
[www.southamericatravelsonline.com/Peru/North-Coast-Peru.html]
[www.southamericatravelsonline.com/node/256.html]
[www.southamericatravelsonline.com/Peru/North-Coast-Peru/index.html]
[www.southamericatravelsonline.com/user/login819b.html]
[www.southamericatravelsonline.com/history-north-coast.html]
[www.southamericatravelsonline.com/history-north-coast/index.html]
[www.southamericatravelsonline.com/node/257.html]
[www.southamericatravelsonline.com/user/loginfd65.html]
[www.southamericatravelsonline.com/north-cost-museums.html]
[www.southamericatravelsonline.com/north-cost-museums/index.html]
[www.southamericatravelsonline.com/node/258.html]
[www.southamericatravelsonline.com/user/logind350.html]
[www.southamericatravelsonline.com/weather-north-coast.html]
[www.southamericatravelsonline.com/node/259.html]
[www.southamericatravelsonline.com/weather-north-coast/index.html]
[www.southamericatravelsonline.com/user/login935a.html]
[www.southamericatravelsonline.com/geography-north-coast.html]
[www.southamericatravelsonline.com/geography-north-coast/index.html]
[www.southamericatravelsonline.com/node/260.html]
[www.southamericatravelsonline.com/user/logine849.html]
[www.southamericatravelsonline.com/things-see-north-coast.html]
[www.southamericatravelsonline.com/things-see-north-coast/index.html]
[www.southamericatravelsonline.com/node/261.html]
[www.southamericatravelsonline.com/user/login1ed0.html]
[www.southamericatravelsonline.com/north-peru.html]
[www.southamericatravelsonline.com/north-peru/index.html]
[www.southamericatravelsonline.com/node/262.html]
[www.southamericatravelsonline.com/user/login14f9.html]
[www.southamericatravelsonline.com/north-peru-climate.html]
[www.southamericatravelsonline.com/north-peru-climate/index.html]
[www.southamericatravelsonline.com/node/263.html]
[www.southamericatravelsonline.com/user/logindd40.html]
[www.southamericatravelsonline.com/north-peru-geography.html]
[www.southamericatravelsonline.com/north-peru-geography/index.html]
[www.southamericatravelsonline.com/node/264.html]
[www.southamericatravelsonline.com/user/logina673.html]
[www.southamericatravelsonline.com/what-do-north-peru.html]
[www.southamericatravelsonline.com/what-do-north-peru/index.html]
[www.southamericatravelsonline.com/node/265.html]
[www.southamericatravelsonline.com/user/login4e6b.html]
[www.southamericatravelsonline.com/south-coast.html]
[www.southamericatravelsonline.com/south-coast/index.html]
[www.southamericatravelsonline.com/node/266.html]
[www.southamericatravelsonline.com/user/logincb13.html]
[www.southamericatravelsonline.com/south-coast-history.html]
[www.southamericatravelsonline.com/south-coast-history/index.html]
[www.southamericatravelsonline.com/node/225.html]
[www.southamericatravelsonline.com/user/login61b2.html]
[www.southamericatravelsonline.com/south-coast-museums.html]
[www.southamericatravelsonline.com/south-coast-museums/index.html]
[www.southamericatravelsonline.com/node/267.html]
[www.southamericatravelsonline.com/user/login9360.html]
[www.southamericatravelsonline.com/south-coast-climate.html]
[www.southamericatravelsonline.com/node/268.html]
[www.southamericatravelsonline.com/south-coast-climate/index.html]
[www.southamericatravelsonline.com/user/loginef2d.html]
[www.southamericatravelsonline.com/south-coast-geography.html]
[www.southamericatravelsonline.com/node/269.html]
[www.southamericatravelsonline.com/south-coast-geography/index.html]
[www.southamericatravelsonline.com/user/loginc077.html]
[www.southamericatravelsonline.com/things-see-southern-peru-0.html]
[www.southamericatravelsonline.com/things-see-southern-peru-0/index.html]
[www.southamericatravelsonline.com/node/281.html]
[www.southamericatravelsonline.com/user/logind4cd.html]
[www.southamericatravelsonline.com/cusco-general.html]
[www.southamericatravelsonline.com/cusco-general/index.html]
[www.southamericatravelsonline.com/node/282.html]
[www.southamericatravelsonline.com/user/login49da.html]
[www.southamericatravelsonline.com/cuzco-history.html]
[www.southamericatravelsonline.com/cuzco-history/index.html]
[www.southamericatravelsonline.com/node/283.html]
[www.southamericatravelsonline.com/user/loginad27.html]
[www.southamericatravelsonline.com/cuzco-museums.html]
[www.southamericatravelsonline.com/cuzco-museums/index.html]
[www.southamericatravelsonline.com/node/210.html]
[www.southamericatravelsonline.com/user/login29b2.html]
[www.southamericatravelsonline.com/Peru/Cusco/Weather/Cusco-weather.html]
[www.southamericatravelsonline.com/Peru/Cusco/Weather/Cusco-weather/index.html]
[www.southamericatravelsonline.com/node/284.html]
[www.southamericatravelsonline.com/user/login5af3.html]
[www.southamericatravelsonline.com/cuzco-geography.html]
[www.southamericatravelsonline.com/cuzco-geography/index.html]
[www.southamericatravelsonline.com/node/164.html]
[www.southamericatravelsonline.com/user/loginc3b8.html]
[www.southamericatravelsonline.com/Peru/Cusco/Things-to-See/what-to-do-in-Cusco.html]
[www.southamericatravelsonline.com/Peru/Cusco/Things-to-See/what-to-do-in-Cusco/index.html]
[www.southamericatravelsonline.com/node/285.html]
[www.southamericatravelsonline.com/user/login20fb.html]
[www.southamericatravelsonline.com/cusco-gastronomy.html]
[www.southamericatravelsonline.com/cusco-gastronomy/index.html]
[www.southamericatravelsonline.com/node/171.html]
[www.southamericatravelsonline.com/user/login33f3.html]
[www.southamericatravelsonline.com/Peru/Sacred-Valley/Things-to-See/Sacred-Valley-Tours.html]
[www.southamericatravelsonline.com/Peru/Sacred-Valley/Things-to-See/Sacred-Valley-Tours/index.html]
[www.southamericatravelsonline.com/node/286.html]
[www.southamericatravelsonline.com/sacred-valley-cusco-history/index.html]
[www.southamericatravelsonline.com/user/login7e9e.html]
[www.southamericatravelsonline.com/sacred-valley-cusco-history.html]
[www.southamericatravelsonline.com/node/184.html]
[www.southamericatravelsonline.com/user/login8ebb.html]
[www.southamericatravelsonline.com/Peru/Sacred-Valley/Weather/Sacred-Valley-Peru-Weather.html]
[www.southamericatravelsonline.com/node/172.html]
[www.southamericatravelsonline.com/Peru/Sacred-Valley/Weather/Sacred-Valley-Peru-Weather/index.html]
[www.southamericatravelsonline.com/user/login1ec7.html]
[www.southamericatravelsonline.com/Peru/Sacred-Valley/Geography/Sacred-Valley-map.html]
[www.southamericatravelsonline.com/Peru/Sacred-Valley/Geography/Sacred-Valley-map/index.html]
[www.southamericatravelsonline.com/node/287.html]
[www.southamericatravelsonline.com/user/login955e.html]
[www.southamericatravelsonline.com/things-do-sacred-valley-cusco.html]
[www.southamericatravelsonline.com/things-do-sacred-valley-cusco/index.html]
[www.southamericatravelsonline.com/node/139.html]
[www.southamericatravelsonline.com/machu-picchu-0/index.html]
[www.southamericatravelsonline.com/user/login50d0.html]
[www.southamericatravelsonline.com/machu-picchu-0.html]
[www.southamericatravelsonline.com/node/104.html]
[www.southamericatravelsonline.com/user/login41f3.html]
[www.southamericatravelsonline.com/Peru/Machu-Picchu/History/Machu-Picchu-history.html]
[www.southamericatravelsonline.com/Peru/Machu-Picchu/History/Machu-Picchu-history/index.html]
[www.southamericatravelsonline.com/node/106.html]
[www.southamericatravelsonline.com/user/login4e8f.html]
[www.southamericatravelsonline.com/Peru/Machu-Picchu/Museums/Machu-Picchu-museum.html]
[www.southamericatravelsonline.com/Peru/Machu-Picchu/Museums/Machu-Picchu-museum/index.html]
[www.southamericatravelsonline.com/node/103.html]
[www.southamericatravelsonline.com/user/login2990.html]
[www.southamericatravelsonline.com/Peru/Machu-Picchu/Weather/Machu-Picchu-weather.html]
[www.southamericatravelsonline.com/Peru/Machu-Picchu/Weather/Machu-Picchu-weather/index.html]
[www.southamericatravelsonline.com/node/191.html]
[www.southamericatravelsonline.com/user/loginf8a0.html]
[www.southamericatravelsonline.com/Peru/Machu-Picchu/Geography/Machu-Picchu-geography,-Machu-Picchu-map.html]
[www.southamericatravelsonline.com/Peru/Machu-Picchu/Geography/Machu-Picchu-geography,-Machu-Picchu-map/index.html]
[www.southamericatravelsonline.com/node/101.html]
[www.southamericatravelsonline.com/user/login435b.html]
[www.southamericatravelsonline.com/Peru/Machu-Picchu/Things-to-See/attractions-in-Peru%2C-Machu-Picchu-information.html]
[www.southamericatravelsonline.com/Peru/Machu-Picchu/Things-to-See/attractions-in-Peru%2C-Machu-Picchu-information/index.html]
[www.southamericatravelsonline.com/node/276.html]
[www.southamericatravelsonline.com/user/login1174.html]
[www.southamericatravelsonline.com/puno-lake-titicaca.html]
[www.southamericatravelsonline.com/puno-lake-titicaca/index.html]
[www.southamericatravelsonline.com/node/277.html]
[www.southamericatravelsonline.com/user/login18aa.html]
[www.southamericatravelsonline.com/puno-lake-titicaca-history.html]
[www.southamericatravelsonline.com/puno-lake-titicaca-history/index.html]
[www.southamericatravelsonline.com/node/278.html]
[www.southamericatravelsonline.com/user/login9d26.html]
[www.southamericatravelsonline.com/lake-titicaca-puno-museums.html]
[www.southamericatravelsonline.com/lake-titicaca-puno-museums/index.html]
[www.southamericatravelsonline.com/node/279.html]
[www.southamericatravelsonline.com/user/login0ef3.html]
[www.southamericatravelsonline.com/puno-lake-titicaca-climate.html]
[www.southamericatravelsonline.com/puno-lake-titicaca-climate/index.html]
[www.southamericatravelsonline.com/node/280.html]
[www.southamericatravelsonline.com/user/loginf862.html]
[www.southamericatravelsonline.com/puno-lake-titicaca-geography.html]
[www.southamericatravelsonline.com/puno-lake-titicaca-geography/index.html]
[www.southamericatravelsonline.com/node/159.html]
[www.southamericatravelsonline.com/user/logind30e.html]
[www.southamericatravelsonline.com/Peru/Puno-%2526-Lake-Titicaca/Things-to-See/Lake-Titicaca-tours.html]
[www.southamericatravelsonline.com/Peru/Puno-%2526-Lake-Titicaca/Things-to-See/Lake-Titicaca-tours/index.html]
[www.southamericatravelsonline.com/node/217.html]
[www.southamericatravelsonline.com/Peru/Cusco/Museums/Cuzco-museums.html]
[www.southamericatravelsonline.com/Peru/Amazon-Rainforest/History/Amazon-rainforest-history.html]
[www.southamericatravelsonline.com/Peru/Amazon-Rainforest/Weather/Amazon-rainforest-climate.html]
[www.southamericatravelsonline.com/Peru/Amazon-Rainforest/Geography/Amazon-rainforest-geography.html]
[www.southamericatravelsonline.com/Peru/Amazon-Rainforest/Things-to-See/what-to-do-in-the-Amazon-rainforest.html]
[www.southamericatravelsonline.com/Peru/Amazon-Rainforest.html]
[www.southamericatravelsonline.com/content_and_info_by_destination/210.html]
[www.southamericatravelsonline.com/arequipa-and-colca-canyon-history.html]
[www.southamericatravelsonline.com/arequipa-colca-canyon-museums.html]
[www.southamericatravelsonline.com/arequipa-and-colca-canyon-climate.html]
[www.southamericatravelsonline.com/arequipa-and-colca-canyon-geography.html]
[www.southamericatravelsonline.com/things-see-and-do-arequipa-and-colca-canyon.html]
[www.southamericatravelsonline.com/arequipa-gastronomy.html]
[www.southamericatravelsonline.com/ecuador-general.html]
[www.southamericatravelsonline.com/user/login3493.html]
[www.southamericatravelsonline.com/Ecuador/Ecuador-Mainland/History/Ecuador-History.html]
[www.southamericatravelsonline.com/Ecuador/Ecuador-Mainland/History/Ecuador-History/index.html]
[www.southamericatravelsonline.com/node/231.html]
[www.southamericatravelsonline.com/user/login2524.html]
[www.southamericatravelsonline.com/Ecuador/Ecuador-Mainland/Museums/Ecuador-Museums.html]
[www.southamericatravelsonline.com/Ecuador/Ecuador-Mainland/Museums/Ecuador-Museums/index.html]
[www.southamericatravelsonline.com/node/144.html]
[www.southamericatravelsonline.com/central-ecuadorr/index.html]
[www.southamericatravelsonline.com/user/login07fb.html]
[www.southamericatravelsonline.com/central-ecuadorr.html]
[www.southamericatravelsonline.com/node/289.html]
[www.southamericatravelsonline.com/user/login0f53.html]
[www.southamericatravelsonline.com/ecuador-geography.html]
[www.southamericatravelsonline.com/ecuador-geography/index.html]
[www.southamericatravelsonline.com/node/167.html]
[www.southamericatravelsonline.com/user/loginb278.html]
[www.southamericatravelsonline.com/Ecuador/Ecuador-Mainland/Things-to-See/things-to-do-in-Ecuador.html]
[www.southamericatravelsonline.com/Ecuador/Ecuador-Mainland/Things-to-See/things-to-do-in-Ecuador/index.html]
[www.southamericatravelsonline.com/node/209.html]
[www.southamericatravelsonline.com/user/login9437.html]
[www.southamericatravelsonline.com/content_and_info_by_destination/485.html]
[www.southamericatravelsonline.com/content_and_info_by_destination/485/index.html]
[www.southamericatravelsonline.com/node/205.html]
[www.southamericatravelsonline.com/user/loginfb31.html]
[www.southamericatravelsonline.com/Galapagos-Islands/History/Galapagos-Islands-history.html]
[www.southamericatravelsonline.com/Galapagos-Islands/History/Galapagos-Islands-history/index.html]
[www.southamericatravelsonline.com/node/196.html]
[www.southamericatravelsonline.com/user/login6520.html]
[www.southamericatravelsonline.com/Galapagos-Islands.html]
[www.southamericatravelsonline.com/Galapagos-Islands/index.html]
[www.southamericatravelsonline.com/node/232.html]
[www.southamericatravelsonline.com/user/login2899.html]
[www.southamericatravelsonline.com/Galapagos-Islands/Weather/Galapagos-weather.html]
[www.southamericatravelsonline.com/Galapagos-Islands/Weather/Galapagos-weather/index.html]
[www.southamericatravelsonline.com/node/204.html]
[www.southamericatravelsonline.com/user/login361d.html]
[www.southamericatravelsonline.com/Galapagos-Islands/Geography/Galapagos-islands-geography.html]
[www.southamericatravelsonline.com/Galapagos-Islands/Geography/Galapagos-islands-geography/index.html]
[www.southamericatravelsonline.com/node/220.html]
[www.southamericatravelsonline.com/user/login06a2.html]
[www.southamericatravelsonline.com/Galapagos-Islands/Things-to-See/Galapagos-islands-tours.html]
[www.southamericatravelsonline.com/node/18.html]
[www.southamericatravelsonline.com/modules/webform/css/webform.form1026.css]
[www.southamericatravelsonline.com/modules/webform/css/webform.element.details.toggle1026.css]
[www.southamericatravelsonline.com/modules/webform/css/webform.element.message1026.css]
[www.southamericatravelsonline.com/visas/index.html]
[www.southamericatravelsonline.com/Galapagos-Islands/Things-to-See/Galapagos-islands-tours/index.html]
[www.southamericatravelsonline.com/user/login.html]
[www.southamericatravelsonline.com/user/password.html]
[www.southamericatravelsonline.com/user/loginba99.html]
[www.southamericatravelsonline.com/node/132.html]
[www.southamericatravelsonline.com/travel-insurance/index.html]
[www.southamericatravelsonline.com/user/login8b77.html]
[www.southamericatravelsonline.com/node/296.html]
[www.southamericatravelsonline.com/user/login133d.html]
[www.southamericatravelsonline.com/node/92.html]
[www.southamericatravelsonline.com/travelling-south-america-overland/index.html]
[www.southamericatravelsonline.com/user/login0791.html]
[www.southamericatravelsonline.com/node/12.html]
[www.southamericatravelsonline.com/flights-south-america/index.html]
[www.southamericatravelsonline.com/user/login819e.html]
[www.southamericatravelsonline.com/node/91.html]
[www.southamericatravelsonline.com/south-america-airport-taxes/index.html]
[www.southamericatravelsonline.com/user/logind8a4.html]
[www.southamericatravelsonline.com/node/95.html]
[www.southamericatravelsonline.com/altitude-sickness/index.html]
[www.southamericatravelsonline.com/user/loginc597.html]
[www.southamericatravelsonline.com/node/94.html]
[www.southamericatravelsonline.com/user/login1d87.html]
[www.southamericatravelsonline.com/node/297.html]
[www.southamericatravelsonline.com/health-general-0/index.html]
[www.southamericatravelsonline.com/user/login5acd.html]
[www.southamericatravelsonline.com/node/6.html]
[www.southamericatravelsonline.com/modules/antibot/css/antibot1026.css]
[www.southamericatravelsonline.com/node/84.html]
[www.southamericatravelsonline.com/node/85.html]
[www.southamericatravelsonline.com/node/86.html]
[www.southamericatravelsonline.com/node/87.html]
[www.southamericatravelsonline.com/node/88.html]
[www.southamericatravelsonline.com/node/89.html]
[www.southamericatravelsonline.com/node/96.html]
[www.southamericatravelsonline.com/node/97.html]
[www.southamericatravelsonline.com/node/98.html]
[www.southamericatravelsonline.com/node/99.html]
[www.southamericatravelsonline.com/node/107.html]
[www.southamericatravelsonline.com/node/109.html]
[www.southamericatravelsonline.com/node/110.html]
[www.southamericatravelsonline.com/node/299.html]
[www.southamericatravelsonline.com/south-america-ultimate-bucket-list/index.html]
[www.southamericatravelsonline.com/user/login35ce.html]
[www.southamericatravelsonline.com/node/198.html]
[www.southamericatravelsonline.com/content_and_info_by_destination/477/index.html]
[www.southamericatravelsonline.com/taxonomy/term/17/feed]
[www.southamericatravelsonline.com/taxonomy/term/172679.html]
[www.southamericatravelsonline.com/taxonomy/term/17.html]
[www.southamericatravelsonline.com/user/logine9c7.html]
[www.southamericatravelsonline.com/node/215.html]
[www.southamericatravelsonline.com/Peru/Peru/History/Peru-history/index.html]
[www.southamericatravelsonline.com/user/login2a2d.html]
[www.southamericatravelsonline.com/node/216.html]
[www.southamericatravelsonline.com/Peru/Peru/Museums/museums-in-Peru/index.html]
[www.southamericatravelsonline.com/user/logina449.html]
[www.southamericatravelsonline.com/node/252.html]
[www.southamericatravelsonline.com/peru-geography/index.html]
[www.southamericatravelsonline.com/user/login7f47.html]
[www.southamericatravelsonline.com/node/176.html]
[www.southamericatravelsonline.com/Peru/Peru/Weather/Peru-weather/index.html]
[www.southamericatravelsonline.com/user/login1001.html]
[www.southamericatravelsonline.com/node/166.html]
[www.southamericatravelsonline.com/things-see-southern-peru/index.html]
[www.southamericatravelsonline.com/user/login7f45.html]
[www.southamericatravelsonline.com/node/226.html]
[www.southamericatravelsonline.com/Peru/Peru/Regional-gastronomy/Peru-food/index.html]
[www.southamericatravelsonline.com/user/login4918.html]
[www.southamericatravelsonline.com/node/253.html]
[www.southamericatravelsonline.com/lima-general/index.html]
[www.southamericatravelsonline.com/user/login14ae.html]
[www.southamericatravelsonline.com/node/254.html]
[www.southamericatravelsonline.com/lima-history/index.html]
[www.southamericatravelsonline.com/user/login46a8.html]
[www.southamericatravelsonline.com/node/229.html]
[www.southamericatravelsonline.com/Peru/Lima/Museums/Lima-museums/index.html]
[www.southamericatravelsonline.com/user/login6b30.html]
[www.southamericatravelsonline.com/node/197.html]
[www.southamericatravelsonline.com/Peru/Lima/Geography/Lima-geography/index.html]
[www.southamericatravelsonline.com/user/login71b2.html]
[www.southamericatravelsonline.com/node/221.html]
[www.southamericatravelsonline.com/Peru/Lima/Weather/Lima-weather/index.html]
[www.southamericatravelsonline.com/user/login17db.html]
[www.southamericatravelsonline.com/node/255.html]
[www.southamericatravelsonline.com/things-do-lima/index.html]
[www.southamericatravelsonline.com/user/login04ce.html]
[www.southamericatravelsonline.com/node/182.html]
[www.southamericatravelsonline.com/Peru/Lima/index.html]
[www.southamericatravelsonline.com/user/login6a5f.html]
[www.southamericatravelsonline.com/node/175.html]
[www.southamericatravelsonline.com/Peru/North-Coast-Peru/index.html]
[www.southamericatravelsonline.com/user/loginf07f.html]
[www.southamericatravelsonline.com/node/256.html]
[www.southamericatravelsonline.com/history-north-coast/index.html]
[www.southamericatravelsonline.com/user/login819b.html]
[www.southamericatravelsonline.com/node/257.html]
[www.southamericatravelsonline.com/north-cost-museums/index.html]
[www.southamericatravelsonline.com/user/loginfd65.html]
[www.southamericatravelsonline.com/node/258.html]
[www.southamericatravelsonline.com/weather-north-coast/index.html]
[www.southamericatravelsonline.com/user/logind350.html]
[www.southamericatravelsonline.com/node/259.html]
[www.southamericatravelsonline.com/geography-north-coast/index.html]
[www.southamericatravelsonline.com/user/login935a.html]
[www.southamericatravelsonline.com/node/260.html]
[www.southamericatravelsonline.com/things-see-north-coast/index.html]
[www.southamericatravelsonline.com/user/logine849.html]
[www.southamericatravelsonline.com/node/261.html]
[www.southamericatravelsonline.com/north-peru/index.html]
[www.southamericatravelsonline.com/user/login1ed0.html]
[www.southamericatravelsonline.com/node/262.html]
[www.southamericatravelsonline.com/north-peru-climate/index.html]
[www.southamericatravelsonline.com/user/login14f9.html]
[www.southamericatravelsonline.com/node/263.html]
[www.southamericatravelsonline.com/north-peru-geography/index.html]
[www.southamericatravelsonline.com/user/logindd40.html]
[www.southamericatravelsonline.com/node/264.html]
[www.southamericatravelsonline.com/what-do-north-peru/index.html]
[www.southamericatravelsonline.com/user/logina673.html]
[www.southamericatravelsonline.com/node/265.html]
[www.southamericatravelsonline.com/south-coast/index.html]
[www.southamericatravelsonline.com/user/login4e6b.html]
[www.southamericatravelsonline.com/node/266.html]
[www.southamericatravelsonline.com/south-coast-history/index.html]
[www.southamericatravelsonline.com/user/logincb13.html]
[www.southamericatravelsonline.com/node/225.html]
[www.southamericatravelsonline.com/south-coast-museums/index.html]
[www.southamericatravelsonline.com/user/login61b2.html]
[www.southamericatravelsonline.com/node/267.html]
[www.southamericatravelsonline.com/south-coast-climate/index.html]
[www.southamericatravelsonline.com/user/login9360.html]
[www.southamericatravelsonline.com/node/268.html]
[www.southamericatravelsonline.com/south-coast-geography/index.html]
[www.southamericatravelsonline.com/user/loginef2d.html]
[www.southamericatravelsonline.com/node/269.html]
[www.southamericatravelsonline.com/things-see-southern-peru-0/index.html]
[www.southamericatravelsonline.com/user/loginc077.html]
[www.southamericatravelsonline.com/node/281.html]
[www.southamericatravelsonline.com/cusco-general/index.html]
[www.southamericatravelsonline.com/user/logind4cd.html]
[www.southamericatravelsonline.com/node/282.html]
[www.southamericatravelsonline.com/cuzco-history/index.html]
[www.southamericatravelsonline.com/user/login49da.html]
[www.southamericatravelsonline.com/node/283.html]
[www.southamericatravelsonline.com/cuzco-museums/index.html]
[www.southamericatravelsonline.com/user/loginad27.html]
[www.southamericatravelsonline.com/node/210.html]
[www.southamericatravelsonline.com/Peru/Cusco/Weather/Cusco-weather/index.html]
[www.southamericatravelsonline.com/user/login29b2.html]
[www.southamericatravelsonline.com/node/284.html]
[www.southamericatravelsonline.com/cuzco-geography/index.html]
[www.southamericatravelsonline.com/user/login5af3.html]
[www.southamericatravelsonline.com/node/164.html]
[www.southamericatravelsonline.com/Peru/Cusco/Things-to-See/what-to-do-in-Cusco/index.html]
[www.southamericatravelsonline.com/user/loginc3b8.html]
[www.southamericatravelsonline.com/node/285.html]
[www.southamericatravelsonline.com/cusco-gastronomy/index.html]
[www.southamericatravelsonline.com/user/login20fb.html]
[www.southamericatravelsonline.com/node/171.html]
[www.southamericatravelsonline.com/Peru/Sacred-Valley/Things-to-See/Sacred-Valley-Tours/index.html]
[www.southamericatravelsonline.com/user/login33f3.html]
[www.southamericatravelsonline.com/node/286.html]
[www.southamericatravelsonline.com/sacred-valley-cusco-history/index.html]
[www.southamericatravelsonline.com/user/login7e9e.html]
[www.southamericatravelsonline.com/node/184.html]
[www.southamericatravelsonline.com/Peru/Sacred-Valley/Weather/Sacred-Valley-Peru-Weather/index.html]
[www.southamericatravelsonline.com/user/login8ebb.html]
[www.southamericatravelsonline.com/node/172.html]
[www.southamericatravelsonline.com/Peru/Sacred-Valley/Geography/Sacred-Valley-map/index.html]
[www.southamericatravelsonline.com/user/login1ec7.html]
[www.southamericatravelsonline.com/node/287.html]
[www.southamericatravelsonline.com/things-do-sacred-valley-cusco/index.html]
[www.southamericatravelsonline.com/user/login955e.html]
[www.southamericatravelsonline.com/node/139.html]
[www.southamericatravelsonline.com/machu-picchu-0/index.html]
[www.southamericatravelsonline.com/user/login50d0.html]
[www.southamericatravelsonline.com/node/104.html]
[www.southamericatravelsonline.com/Peru/Machu-Picchu/History/Machu-Picchu-history/index.html]
[www.southamericatravelsonline.com/user/login41f3.html]
[www.southamericatravelsonline.com/node/106.html]
[www.southamericatravelsonline.com/Peru/Machu-Picchu/Museums/Machu-Picchu-museum/index.html]
[www.southamericatravelsonline.com/user/login4e8f.html]
[www.southamericatravelsonline.com/node/103.html]
[www.southamericatravelsonline.com/Peru/Machu-Picchu/Weather/Machu-Picchu-weather/index.html]
[www.southamericatravelsonline.com/user/login2990.html]
[www.southamericatravelsonline.com/node/191.html]
[www.southamericatravelsonline.com/Peru/Machu-Picchu/Geography/Machu-Picchu-geography,-Machu-Picchu-map/index.html]
[www.southamericatravelsonline.com/user/loginf8a0.html]
[www.southamericatravelsonline.com/node/101.html]
[www.southamericatravelsonline.com/Peru/Machu-Picchu/Things-to-See/attractions-in-Peru%2C-Machu-Picchu-information/index.html]
[www.southamericatravelsonline.com/user/login435b.html]
[www.southamericatravelsonline.com/node/276.html]
[www.southamericatravelsonline.com/puno-lake-titicaca/index.html]
[www.southamericatravelsonline.com/user/login1174.html]
[www.southamericatravelsonline.com/node/277.html]
[www.southamericatravelsonline.com/puno-lake-titicaca-history/index.html]
[www.southamericatravelsonline.com/user/login18aa.html]
[www.southamericatravelsonline.com/node/278.html]
[www.southamericatravelsonline.com/lake-titicaca-puno-museums/index.html]
[www.southamericatravelsonline.com/user/login9d26.html]
[www.southamericatravelsonline.com/node/279.html]
[www.southamericatravelsonline.com/puno-lake-titicaca-climate/index.html]
[www.southamericatravelsonline.com/user/login0ef3.html]
[www.southamericatravelsonline.com/node/280.html]
[www.southamericatravelsonline.com/puno-lake-titicaca-geography/index.html]
[www.southamericatravelsonline.com/user/loginf862.html]
[www.southamericatravelsonline.com/node/159.html]
[www.southamericatravelsonline.com/Peru/Puno-%2526-Lake-Titicaca/Things-to-See/Lake-Titicaca-tours/index.html]
[www.southamericatravelsonline.com/user/logind30e.html]
[www.southamericatravelsonline.com/node/217.html]
[www.southamericatravelsonline.com/user/login7b55]
[www.southamericatravelsonline.com/Peru/Cusco/Museums/Cuzco-museums/index.html]
[www.southamericatravelsonline.com/node/201]
[www.southamericatravelsonline.com/Peru/Amazon-Rainforest/History/Amazon-rainforest-history/index.html]
[www.southamericatravelsonline.com/user/logine66b]
[www.southamericatravelsonline.com/user/login7a01]
[www.southamericatravelsonline.com/node/158]
[www.southamericatravelsonline.com/Peru/Amazon-Rainforest/Weather/Amazon-rainforest-climate/index.html]
[www.southamericatravelsonline.com/node/181]
[www.southamericatravelsonline.com/Peru/Amazon-Rainforest/Geography/Amazon-rainforest-geography/index.html]
[www.southamericatravelsonline.com/user/login7c47]
[www.southamericatravelsonline.com/node/162]
[www.southamericatravelsonline.com/Peru/Amazon-Rainforest/Things-to-See/what-to-do-in-the-Amazon-rainforest/index.html]
[www.southamericatravelsonline.com/user/loginc0bc]
[www.southamericatravelsonline.com/node/178]
[www.southamericatravelsonline.com/Peru/Amazon-Rainforest/index.html]
[www.southamericatravelsonline.com/user/login0851]
[www.southamericatravelsonline.com/node/227]
[www.southamericatravelsonline.com/user/login1aa4]
[www.southamericatravelsonline.com/content_and_info_by_destination/210/index.html]
[www.southamericatravelsonline.com/node/270]
[www.southamericatravelsonline.com/user/logindde7]
[www.southamericatravelsonline.com/arequipa-and-colca-canyon-history/index.html]
[www.southamericatravelsonline.com/node/271]
[www.southamericatravelsonline.com/arequipa-colca-canyon-museums/index.html]
[www.southamericatravelsonline.com/user/loginea50]
[www.southamericatravelsonline.com/node/272]
[www.southamericatravelsonline.com/arequipa-and-colca-canyon-climate/index.html]
[www.southamericatravelsonline.com/user/logindf11]
[www.southamericatravelsonline.com/node/273]
[www.southamericatravelsonline.com/arequipa-and-colca-canyon-geography/index.html]
[www.southamericatravelsonline.com/user/login3ffd]
[www.southamericatravelsonline.com/node/274]
[www.southamericatravelsonline.com/user/login44ad]
[www.southamericatravelsonline.com/things-see-and-do-arequipa-and-colca-canyon/index.html]
[www.southamericatravelsonline.com/node/275]
[www.southamericatravelsonline.com/arequipa-gastronomy/index.html]
[www.southamericatravelsonline.com/user/login2ad2]
[www.southamericatravelsonline.com/node/288]
[www.southamericatravelsonline.com/Ecuador/Ecuador-Mainland/History/Ecuador-History/index.html]
[www.southamericatravelsonline.com/user/login3493.html]
[www.southamericatravelsonline.com/node/231.html]
[www.southamericatravelsonline.com/Ecuador/Ecuador-Mainland/Museums/Ecuador-Museums/index.html]
[www.southamericatravelsonline.com/user/login2524.html]
[www.southamericatravelsonline.com/node/144.html]
[www.southamericatravelsonline.com/central-ecuadorr/index.html]
[www.southamericatravelsonline.com/user/login07fb.html]
[www.southamericatravelsonline.com/node/289.html]
[www.southamericatravelsonline.com/ecuador-geography/index.html]
[www.southamericatravelsonline.com/user/login0f53.html]
[www.southamericatravelsonline.com/node/167.html]
[www.southamericatravelsonline.com/Ecuador/Ecuador-Mainland/Things-to-See/things-to-do-in-Ecuador/index.html]
[www.southamericatravelsonline.com/user/loginb278.html]
[www.southamericatravelsonline.com/node/209.html]
[www.southamericatravelsonline.com/content_and_info_by_destination/485/index.html]
[www.southamericatravelsonline.com/user/login9437.html]
[www.southamericatravelsonline.com/node/205.html]
[www.southamericatravelsonline.com/Galapagos-Islands/History/Galapagos-Islands-history/index.html]
[www.southamericatravelsonline.com/user/loginfb31.html]
[www.southamericatravelsonline.com/node/196.html]
[www.southamericatravelsonline.com/Galapagos-Islands/index.html]
[www.southamericatravelsonline.com/user/login6520.html]
[www.southamericatravelsonline.com/node/232.html]
[www.southamericatravelsonline.com/Galapagos-Islands/Weather/Galapagos-weather/index.html]
[www.southamericatravelsonline.com/user/login2899.html]
[www.southamericatravelsonline.com/node/204.html]
[www.southamericatravelsonline.com/Galapagos-Islands/Geography/Galapagos-islands-geography/index.html]
[www.southamericatravelsonline.com/user/login361d.html]
[www.southamericatravelsonline.com/node/220.html]
[www.southamericatravelsonline.com/Galapagos-Islands/Things-to-See/Galapagos-islands-tours/index.html]
[www.southamericatravelsonline.com/user/login06a2.html]
[www.southamericatravelsonline.com/modules/webform/images/icons/info.svg]
[www.southamericatravelsonline.com/user/login.html]
[www.southamericatravelsonline.com/user/password.html]
[www.southamericatravelsonline.com/ecuador-general/index.html]
[www.southamericatravelsonline.com/user/login41ec]
[www.southamericatravelsonline.com/node/223]
[www.southamericatravelsonline.com/taxonomy/term/1702e4.html]
[www.southamericatravelsonline.com/taxonomy/term/172679.html]
[www.southamericatravelsonline.com/Peru/Cusco/Museums/Cuzco-museums/index.html]
[www.southamericatravelsonline.com/user/login7b55]
[www.southamericatravelsonline.com/node/201]
[www.southamericatravelsonline.com/Peru/Amazon-Rainforest/History/Amazon-rainforest-history/index.html]
[www.southamericatravelsonline.com/user/logine66b]
[www.southamericatravelsonline.com/node/158]
[www.southamericatravelsonline.com/Peru/Amazon-Rainforest/Weather/Amazon-rainforest-climate/index.html]
[www.southamericatravelsonline.com/user/login7a01]
[www.southamericatravelsonline.com/node/181]
[www.southamericatravelsonline.com/Peru/Amazon-Rainforest/Geography/Amazon-rainforest-geography/index.html]
[www.southamericatravelsonline.com/user/login7c47]
[www.southamericatravelsonline.com/node/162]
[www.southamericatravelsonline.com/Peru/Amazon-Rainforest/Things-to-See/what-to-do-in-the-Amazon-rainforest/index.html]
[www.southamericatravelsonline.com/user/loginc0bc]
[www.southamericatravelsonline.com/node/178]
[www.southamericatravelsonline.com/Peru/Amazon-Rainforest/index.html]
[www.southamericatravelsonline.com/user/login0851]
[www.southamericatravelsonline.com/node/227]
[www.southamericatravelsonline.com/content_and_info_by_destination/210/index.html]
[www.southamericatravelsonline.com/user/login1aa4]
[www.southamericatravelsonline.com/node/270]
[www.southamericatravelsonline.com/arequipa-and-colca-canyon-history/index.html]
[www.southamericatravelsonline.com/user/logindde7]
[www.southamericatravelsonline.com/node/271]
[www.southamericatravelsonline.com/arequipa-colca-canyon-museums/index.html]
[www.southamericatravelsonline.com/user/loginea50]
[www.southamericatravelsonline.com/node/272]
[www.southamericatravelsonline.com/arequipa-and-colca-canyon-climate/index.html]
[www.southamericatravelsonline.com/user/logindf11]
[www.southamericatravelsonline.com/node/273]
[www.southamericatravelsonline.com/arequipa-and-colca-canyon-geography/index.html]
[www.southamericatravelsonline.com/user/login3ffd]
[www.southamericatravelsonline.com/node/274]
[www.southamericatravelsonline.com/things-see-and-do-arequipa-and-colca-canyon/index.html]
[www.southamericatravelsonline.com/user/login44ad]
[www.southamericatravelsonline.com/node/275]
[www.southamericatravelsonline.com/arequipa-gastronomy/index.html]
[www.southamericatravelsonline.com/user/login2ad2]
[www.southamericatravelsonline.com/node/288]
[www.southamericatravelsonline.com/ecuador-general/index.html]
[www.southamericatravelsonline.com/user/login41ec]
[www.southamericatravelsonline.com/node/223]
[www.southamericatravelsonline.com/taxonomy/term/1702e4.html]
